[     283ms] [INFO] %cDownload the React DevTools for a better development experience: https://react.dev/link/react-devtools font-weight:bold @ http://localhost:5173/node_modules/.vite/deps/react-dom_client.js?v=bd2d9bc7:14335
[   89644ms] [INFO] %cDownload the React DevTools for a better development experience: https://react.dev/link/react-devtools font-weight:bold @ http://localhost:5173/node_modules/.vite/deps/react-dom_client.js?v=bd2d9bc7:14335
[   99519ms] DataCloneError: Failed to execute 'postMessage' on 'Worker': (v) => set((s) => {
		const next = {
			...s,
			stripExif: v
		};
		writeToStorage(next);
		return { stripExif: v };
	}) could not be cloned.
    at http://localhost:5173/src/hooks/useUploadQueue.ts:44:10
    at new Promise (<anonymous>)
    at preprocessFile (http://localhost:5173/src/hooks/useUploadQueue.ts:33:9)
    at http://localhost:5173/src/hooks/useUploadQueue.ts:137:64
    at Array.map (<anonymous>)
    at http://localhost:5173/src/hooks/useUploadQueue.ts:137:50
    at http://localhost:5173/src/pages/Dashboard.tsx:58:3
    at HTMLDocument.handler (http://localhost:5173/src/hooks/useClipboardPaste.ts:12:7)
    at eval (eval at <anonymous> (eval at evaluate (:303:30)), <anonymous>:12:12)
    at async eval (eval at evaluate (:303:30), <anonymous>:4:30)
